// Jest Snapshot v1, https://goo.gl/fbAQLP

exports[`Card renders without crashing 1`] = `
<div>
  <div
    class="container_b4ahsr"
  >
    <div
      class="imageContainer_1g6vvub"
    >
      <img
        alt="2"
        class="image_5hddva"
        src="1"
      />
    </div>
    <div
      class="desc_19c633u"
    >
      <div
        class="titleContainer_1ryugy2"
      >
        <div
          class="name_4p276u"
        >
          2
        </div>
      </div>
      <div
        class="descContainer_14nb90c"
      >
        <div
          class="descText_1r7w1yk"
        >
          HP
        </div>
        <div
          class="descBar_2jj7wg"
        >
          <div
            class="container_tze1ke"
          >
            <div
              class="bar_1o8e29j-o_O-bar_1jumns9"
            />
          </div>
        </div>
      </div>
      <div
        class="descContainer_14nb90c"
      >
        <div
          class="descText_1r7w1yk"
        >
          STR
        </div>
        <div
          class="descBar_2jj7wg"
        >
          <div
            class="container_tze1ke"
          >
            <div
              class="bar_1o8e29j-o_O-bar_1so9ooe"
            />
          </div>
        </div>
      </div>
      <div
        class="descContainer_14nb90c"
      >
        <div
          class="descText_1r7w1yk"
        >
          WEAK
        </div>
        <div
          class="descBar_2jj7wg"
        >
          <div
            class="container_tze1ke"
          >
            <div
              class="bar_1o8e29j-o_O-bar_3eix2n"
            />
          </div>
        </div>
      </div>
      <div
        class="cuteContainer_zz3svu"
      >
        <img
          alt="cute"
          class="cuteImage_1pmj90s"
          src="cute.png"
        />
        <img
          alt="cute"
          class="cuteImage_1pmj90s"
          src="cute.png"
        />
        <img
          alt="cute"
          class="cuteImage_1pmj90s"
          src="cute.png"
        />
        <img
          alt="cute"
          class="cuteImage_1pmj90s"
          src="cute.png"
        />
        <img
          alt="cute"
          class="cuteImage_1pmj90s"
          src="cute.png"
        />
        <img
          alt="cute"
          class="cuteImage_1pmj90s"
          src="cute.png"
        />
      </div>
    </div>
  </div>
</div>
`;

exports[`Card renders without crashing 2`] = `
<div>
  <div
    class="container_b4ahsr"
  >
    <div
      class="imageContainer_1g6vvub"
    >
      <img
        alt="2"
        class="image_5hddva"
        src="1"
      />
    </div>
    <div
      class="desc_19c633u"
    >
      <div
        class="titleContainer_1ryugy2"
      >
        <div
          class="name_4p276u"
        >
          2
        </div>
        <div>
          X
        </div>
      </div>
      <div
        class="descContainer_14nb90c"
      >
        <div
          class="descText_1r7w1yk"
        >
          HP
        </div>
        <div
          class="descBar_2jj7wg"
        >
          <div
            class="container_tze1ke"
          >
            <div
              class="bar_1o8e29j-o_O-bar_1jumns9"
            />
          </div>
        </div>
      </div>
      <div
        class="descContainer_14nb90c"
      >
        <div
          class="descText_1r7w1yk"
        >
          STR
        </div>
        <div
          class="descBar_2jj7wg"
        >
          <div
            class="container_tze1ke"
          >
            <div
              class="bar_1o8e29j-o_O-bar_1so9ooe"
            />
          </div>
        </div>
      </div>
      <div
        class="descContainer_14nb90c"
      >
        <div
          class="descText_1r7w1yk"
        >
          WEAK
        </div>
        <div
          class="descBar_2jj7wg"
        >
          <div
            class="container_tze1ke"
          >
            <div
              class="bar_1o8e29j-o_O-bar_3eix2n"
            />
          </div>
        </div>
      </div>
      <div
        class="cuteContainer_zz3svu"
      >
        <img
          alt="cute"
          class="cuteImage_1pmj90s"
          src="cute.png"
        />
        <img
          alt="cute"
          class="cuteImage_1pmj90s"
          src="cute.png"
        />
        <img
          alt="cute"
          class="cuteImage_1pmj90s"
          src="cute.png"
        />
        <img
          alt="cute"
          class="cuteImage_1pmj90s"
          src="cute.png"
        />
        <img
          alt="cute"
          class="cuteImage_1pmj90s"
          src="cute.png"
        />
        <img
          alt="cute"
          class="cuteImage_1pmj90s"
          src="cute.png"
        />
      </div>
    </div>
  </div>
</div>
`;

exports[`Card renders without crashing 3`] = `
<div>
  <div
    class="container_b4ahsr"
  >
    <div
      class="imageContainer_1g6vvub"
    >
      <img
        alt="2"
        class="image_5hddva"
        src="1"
      />
    </div>
    <div
      class="desc_19c633u"
    >
      <div
        class="titleContainer_1ryugy2"
      >
        <div
          class="name_4p276u"
        >
          2
        </div>
      </div>
      <div
        class="descContainer_14nb90c"
      >
        <div
          class="descText_1r7w1yk"
        >
          HP
        </div>
        <div
          class="descBar_2jj7wg"
        >
          <div
            class="container_tze1ke"
          >
            <div
              class="bar_1o8e29j-o_O-bar_1jumns9"
            />
          </div>
        </div>
      </div>
      <div
        class="descContainer_14nb90c"
      >
        <div
          class="descText_1r7w1yk"
        >
          STR
        </div>
        <div
          class="descBar_2jj7wg"
        >
          <div
            class="container_tze1ke"
          >
            <div
              class="bar_1o8e29j-o_O-bar_1so9ooe"
            />
          </div>
        </div>
      </div>
      <div
        class="descContainer_14nb90c"
      >
        <div
          class="descText_1r7w1yk"
        >
          WEAK
        </div>
        <div
          class="descBar_2jj7wg"
        >
          <div
            class="container_tze1ke"
          >
            <div
              class="bar_1o8e29j-o_O-bar_3eix2n"
            />
          </div>
        </div>
      </div>
      <div
        class="cuteContainer_zz3svu"
      >
        <img
          alt="cute"
          class="cuteImage_1pmj90s"
          src="cute.png"
        />
        <img
          alt="cute"
          class="cuteImage_1pmj90s"
          src="cute.png"
        />
        <img
          alt="cute"
          class="cuteImage_1pmj90s"
          src="cute.png"
        />
        <img
          alt="cute"
          class="cuteImage_1pmj90s"
          src="cute.png"
        />
        <img
          alt="cute"
          class="cuteImage_1pmj90s"
          src="cute.png"
        />
        <img
          alt="cute"
          class="cuteImage_1pmj90s"
          src="cute.png"
        />
      </div>
    </div>
  </div>
</div>
`;
